// Jest Snapshot v1, https://goo.gl/fbAQLP

exports[`InlineTip should render correctly 1`] = `
<Fragment>
  <Notice
    className="nux-inline-tip"
    onRemove={[Function]}
  >
    It looks like youâ€™re writing a letter. Would you like help?
  </Notice>
</Fragment>
`;
